Analysis & Elaboration report for cpu
Thu Apr  2 13:18:33 2026
Quartus Prime Version 25.1std.0 Build 1129 10/21/2025 SC Lite Edition


---------------------
; Table of Contents ;
---------------------
  1. Legal Notice
  2. Analysis & Elaboration Summary
  3. Parallel Compilation
  4. Analysis & Elaboration Settings
  5. Port Connectivity Checks: "adder:u_pc_plus4"
  6. Analysis & Elaboration Messages



----------------
; Legal Notice ;
----------------
Copyright (C) 2025  Altera Corporation. All rights reserved.
Your use of Altera Corporation's design tools, logic functions 
and other software and tools, and any partner logic 
functions, and any output files from any of the foregoing 
(including device programming or simulation files), and any 
associated documentation or information are expressly subject 
to the terms and conditions of the Altera Program License 
Subscription Agreement, the Altera Quartus Prime License Agreement,
the Altera IP License Agreement, or other applicable license
agreement, including, without limitation, that your use is for
the sole purpose of programming logic devices manufactured by
Altera and sold by Altera or its authorized distributors.  Please
refer to the Altera Software License Subscription Agreements 
on the Quartus Prime software download page.



+---------------------------------------------------------------------------------+
; Analysis & Elaboration Summary                                                  ;
+-------------------------------+-------------------------------------------------+
; Analysis & Elaboration Status ; Successful - Thu Apr  2 13:18:33 2026           ;
; Quartus Prime Version         ; 25.1std.0 Build 1129 10/21/2025 SC Lite Edition ;
; Revision Name                 ; cpu                                             ;
; Top-level Entity Name         ; top                                             ;
; Family                        ; Cyclone V                                       ;
; Logic utilization (in ALMs)   ; N/A until Partition Merge                       ;
; Total registers               ; N/A until Partition Merge                       ;
; Total pins                    ; N/A until Partition Merge                       ;
; Total virtual pins            ; N/A until Partition Merge                       ;
; Total block memory bits       ; N/A until Partition Merge                       ;
; Total PLLs                    ; N/A until Partition Merge                       ;
; Total DLLs                    ; N/A until Partition Merge                       ;
+-------------------------------+-------------------------------------------------+


+------------------------------------------+
; Parallel Compilation                     ;
+----------------------------+-------------+
; Processors                 ; Number      ;
+----------------------------+-------------+
; Number detected on machine ; 20          ;
; Maximum allowed            ; 16          ;
;                            ;             ;
; Average used               ; 1.00        ;
; Maximum used               ; 1           ;
;                            ;             ;
; Usage by Processor         ; % Time Used ;
;     Processor 1            ; 100.0%      ;
+----------------------------+-------------+


+---------------------------------------------------------------------------------------------------------------------------+
; Analysis & Elaboration Settings                                                                                           ;
+---------------------------------------------------------------------------------+--------------------+--------------------+
; Option                                                                          ; Setting            ; Default Value      ;
+---------------------------------------------------------------------------------+--------------------+--------------------+
; Device                                                                          ; 5CSEMA5F31C6       ;                    ;
; Top-level entity name                                                           ; top                ; cpu                ;
; Family name                                                                     ; Cyclone V          ; Cyclone V          ;
; Use smart compilation                                                           ; Off                ; Off                ;
; Enable parallel Assembler and Timing Analyzer during compilation                ; On                 ; On                 ;
; Enable compact report table                                                     ; Off                ; Off                ;
; Restructure Multiplexers                                                        ; Auto               ; Auto               ;
; MLAB Add Timing Constraints For Mixed-Port Feed-Through Mode Setting Don't Care ; Off                ; Off                ;
; Create Debugging Nodes for IP Cores                                             ; Off                ; Off                ;
; Preserve fewer node names                                                       ; On                 ; On                 ;
; Intel FPGA IP Evaluation Mode                                                   ; Enable             ; Enable             ;
; Verilog Version                                                                 ; Verilog_2001       ; Verilog_2001       ;
; VHDL Version                                                                    ; VHDL_1993          ; VHDL_1993          ;
; State Machine Processing                                                        ; Auto               ; Auto               ;
; Safe State Machine                                                              ; Off                ; Off                ;
; Extract Verilog State Machines                                                  ; On                 ; On                 ;
; Extract VHDL State Machines                                                     ; On                 ; On                 ;
; Ignore Verilog initial constructs                                               ; Off                ; Off                ;
; Iteration limit for constant Verilog loops                                      ; 5000               ; 5000               ;
; Iteration limit for non-constant Verilog loops                                  ; 250                ; 250                ;
; Add Pass-Through Logic to Inferred RAMs                                         ; On                 ; On                 ;
; Infer RAMs from Raw Logic                                                       ; On                 ; On                 ;
; Parallel Synthesis                                                              ; On                 ; On                 ;
; DSP Block Balancing                                                             ; Auto               ; Auto               ;
; NOT Gate Push-Back                                                              ; On                 ; On                 ;
; Power-Up Don't Care                                                             ; On                 ; On                 ;
; Remove Redundant Logic Cells                                                    ; Off                ; Off                ;
; Remove Duplicate Registers                                                      ; On                 ; On                 ;
; Ignore CARRY Buffers                                                            ; Off                ; Off                ;
; Ignore CASCADE Buffers                                                          ; Off                ; Off                ;
; Ignore GLOBAL Buffers                                                           ; Off                ; Off                ;
; Ignore ROW GLOBAL Buffers                                                       ; Off                ; Off                ;
; Ignore LCELL Buffers                                                            ; Off                ; Off                ;
; Ignore SOFT Buffers                                                             ; On                 ; On                 ;
; Limit AHDL Integers to 32 Bits                                                  ; Off                ; Off                ;
; Optimization Technique                                                          ; Balanced           ; Balanced           ;
; Carry Chain Length                                                              ; 70                 ; 70                 ;
; Auto Carry Chains                                                               ; On                 ; On                 ;
; Auto Open-Drain Pins                                                            ; On                 ; On                 ;
; Perform WYSIWYG Primitive Resynthesis                                           ; Off                ; Off                ;
; Auto ROM Replacement                                                            ; On                 ; On                 ;
; Auto RAM Replacement                                                            ; On                 ; On                 ;
; Auto DSP Block Replacement                                                      ; On                 ; On                 ;
; Auto Shift Register Replacement                                                 ; Auto               ; Auto               ;
; Allow Shift Register Merging across Hierarchies                                 ; Auto               ; Auto               ;
; Auto Clock Enable Replacement                                                   ; On                 ; On                 ;
; Strict RAM Replacement                                                          ; Off                ; Off                ;
; Allow Synchronous Control Signals                                               ; On                 ; On                 ;
; Force Use of Synchronous Clear Signals                                          ; Off                ; Off                ;
; Auto Resource Sharing                                                           ; Off                ; Off                ;
; Allow Any RAM Size For Recognition                                              ; Off                ; Off                ;
; Allow Any ROM Size For Recognition                                              ; Off                ; Off                ;
; Allow Any Shift Register Size For Recognition                                   ; Off                ; Off                ;
; Use LogicLock Constraints during Resource Balancing                             ; On                 ; On                 ;
; Ignore translate_off and synthesis_off directives                               ; Off                ; Off                ;
; Timing-Driven Synthesis                                                         ; On                 ; On                 ;
; Report Parameter Settings                                                       ; On                 ; On                 ;
; Report Source Assignments                                                       ; On                 ; On                 ;
; Report Connectivity Checks                                                      ; On                 ; On                 ;
; Ignore Maximum Fan-Out Assignments                                              ; Off                ; Off                ;
; Synchronization Register Chain Length                                           ; 3                  ; 3                  ;
; Power Optimization During Synthesis                                             ; Normal compilation ; Normal compilation ;
; HDL message level                                                               ; Level2             ; Level2             ;
; Suppress Register Optimization Related Messages                                 ; Off                ; Off                ;
; Number of Removed Registers Reported in Synthesis Report                        ; 5000               ; 5000               ;
; Number of Swept Nodes Reported in Synthesis Report                              ; 5000               ; 5000               ;
; Number of Inverted Registers Reported in Synthesis Report                       ; 100                ; 100                ;
; Clock MUX Protection                                                            ; On                 ; On                 ;
; Auto Gated Clock Conversion                                                     ; Off                ; Off                ;
; Block Design Naming                                                             ; Auto               ; Auto               ;
; SDC constraint protection                                                       ; Off                ; Off                ;
; Synthesis Effort                                                                ; Auto               ; Auto               ;
; Shift Register Replacement - Allow Asynchronous Clear Signal                    ; On                 ; On                 ;
; Pre-Mapping Resynthesis Optimization                                            ; Off                ; Off                ;
; Analysis & Synthesis Message Level                                              ; Medium             ; Medium             ;
; Disable Register Merging Across Hierarchies                                     ; Auto               ; Auto               ;
; Resource Aware Inference For Block RAM                                          ; On                 ; On                 ;
; Automatic Parallel Synthesis                                                    ; On                 ; On                 ;
; Partial Reconfiguration Bitstream ID                                            ; Off                ; Off                ;
+---------------------------------------------------------------------------------+--------------------+--------------------+


+----------------------------------------------+
; Port Connectivity Checks: "adder:u_pc_plus4" ;
+----------+-------+----------+----------------+
; Port     ; Type  ; Severity ; Details        ;
+----------+-------+----------+----------------+
; b[31..3] ; Input ; Info     ; Stuck at GND   ;
; b[1..0]  ; Input ; Info     ; Stuck at GND   ;
; b[2]     ; Input ; Info     ; Stuck at VCC   ;
+----------+-------+----------+----------------+


+---------------------------------+
; Analysis & Elaboration Messages ;
+---------------------------------+
Info: *******************************************************************
Info: Running Quartus Prime Analysis & Elaboration
    Info: Version 25.1std.0 Build 1129 10/21/2025 SC Lite Edition
    Info: Processing started: Thu Apr  2 13:18:30 2026
Info: Command: quartus_map --read_settings_files=on --write_settings_files=off cpu -c cpu --analysis_and_elaboration
Warning (18236): Number of processors has not been specified which may cause overloading on shared machines.  Set the global assignment NUM_PARALLEL_PROCESSORS in your QSF to an appropriate value for best performance.
Info (20030): Parallel compilation is enabled and will use 16 of the 20 processors detected
Info (12021): Found 1 design units, including 1 entities, in source file mux2to1.v
    Info (12023): Found entity 1: mux2to1 File: /home/santiago/projects/uni/Computers_Arquitecture/rv32i-cpu/rv32i-cpu/mux2to1.v Line: 11
Info (12021): Found 1 design units, including 1 entities, in source file adder.v
    Info (12023): Found entity 1: adder File: /home/santiago/projects/uni/Computers_Arquitecture/rv32i-cpu/rv32i-cpu/adder.v Line: 10
Info (12021): Found 1 design units, including 1 entities, in source file alu.v
    Info (12023): Found entity 1: alu File: /home/santiago/projects/uni/Computers_Arquitecture/rv32i-cpu/rv32i-cpu/alu.v Line: 9
Info (12021): Found 1 design units, including 1 entities, in source file imm_gen.v
    Info (12023): Found entity 1: imm_gen File: /home/santiago/projects/uni/Computers_Arquitecture/rv32i-cpu/rv32i-cpu/imm_gen.v Line: 20
Info (12021): Found 1 design units, including 1 entities, in source file register_file.v
    Info (12023): Found entity 1: register_file File: /home/santiago/projects/uni/Computers_Arquitecture/rv32i-cpu/rv32i-cpu/register_file.v Line: 11
Info (12021): Found 1 design units, including 1 entities, in source file alu_control.v
    Info (12023): Found entity 1: alu_control File: /home/santiago/projects/uni/Computers_Arquitecture/rv32i-cpu/rv32i-cpu/alu_control.v Line: 22
Info (12021): Found 1 design units, including 1 entities, in source file control_unit.v
    Info (12023): Found entity 1: control_unit File: /home/santiago/projects/uni/Computers_Arquitecture/rv32i-cpu/rv32i-cpu/control_unit.v Line: 18
Info (12021): Found 1 design units, including 1 entities, in source file instruction_memory.v
    Info (12023): Found entity 1: instruction_memory File: /home/santiago/projects/uni/Computers_Arquitecture/rv32i-cpu/rv32i-cpu/instruction_memory.v Line: 11
Info (12021): Found 1 design units, including 1 entities, in source file data_memory.v
    Info (12023): Found entity 1: data_memory File: /home/santiago/projects/uni/Computers_Arquitecture/rv32i-cpu/rv32i-cpu/data_memory.v Line: 12
Info (12021): Found 1 design units, including 1 entities, in source file pc.v
    Info (12023): Found entity 1: pc File: /home/santiago/projects/uni/Computers_Arquitecture/rv32i-cpu/rv32i-cpu/pc.v Line: 7
Info (12021): Found 1 design units, including 1 entities, in source file top.v
    Info (12023): Found entity 1: top File: /home/santiago/projects/uni/Computers_Arquitecture/rv32i-cpu/rv32i-cpu/top.v Line: 6
Info (12127): Elaborating entity "top" for the top level hierarchy
Info (12128): Elaborating entity "pc" for hierarchy "pc:u_pc" File: /home/santiago/projects/uni/Computers_Arquitecture/rv32i-cpu/rv32i-cpu/top.v Line: 77
Info (12128): Elaborating entity "adder" for hierarchy "adder:u_pc_plus4" File: /home/santiago/projects/uni/Computers_Arquitecture/rv32i-cpu/rv32i-cpu/top.v Line: 83
Info (12128): Elaborating entity "mux2to1" for hierarchy "mux2to1:u_mux_pc" File: /home/santiago/projects/uni/Computers_Arquitecture/rv32i-cpu/rv32i-cpu/top.v Line: 97
Info (12128): Elaborating entity "instruction_memory" for hierarchy "instruction_memory:u_imem" File: /home/santiago/projects/uni/Computers_Arquitecture/rv32i-cpu/rv32i-cpu/top.v Line: 102
Warning (10850): Verilog HDL warning at instruction_memory.v(21): number of words (4) in memory file does not match the number of elements in the address range [0:255] File: /home/santiago/projects/uni/Computers_Arquitecture/rv32i-cpu/rv32i-cpu/instruction_memory.v Line: 21
Warning (10030): Net "mem.data_a" at instruction_memory.v(16) has no driver or initial value, using a default initial value '0' File: /home/santiago/projects/uni/Computers_Arquitecture/rv32i-cpu/rv32i-cpu/instruction_memory.v Line: 16
Warning (10030): Net "mem.waddr_a" at instruction_memory.v(16) has no driver or initial value, using a default initial value '0' File: /home/santiago/projects/uni/Computers_Arquitecture/rv32i-cpu/rv32i-cpu/instruction_memory.v Line: 16
Warning (10030): Net "mem.we_a" at instruction_memory.v(16) has no driver or initial value, using a default initial value '0' File: /home/santiago/projects/uni/Computers_Arquitecture/rv32i-cpu/rv32i-cpu/instruction_memory.v Line: 16
Info (12128): Elaborating entity "control_unit" for hierarchy "control_unit:u_ctrl" File: /home/santiago/projects/uni/Computers_Arquitecture/rv32i-cpu/rv32i-cpu/top.v Line: 113
Info (12128): Elaborating entity "register_file" for hierarchy "register_file:u_regfile" File: /home/santiago/projects/uni/Computers_Arquitecture/rv32i-cpu/rv32i-cpu/top.v Line: 124
Info (12128): Elaborating entity "imm_gen" for hierarchy "imm_gen:u_immgen" File: /home/santiago/projects/uni/Computers_Arquitecture/rv32i-cpu/rv32i-cpu/top.v Line: 129
Info (12128): Elaborating entity "alu_control" for hierarchy "alu_control:u_alu_ctrl" File: /home/santiago/projects/uni/Computers_Arquitecture/rv32i-cpu/rv32i-cpu/top.v Line: 144
Info (12128): Elaborating entity "alu" for hierarchy "alu:u_alu" File: /home/santiago/projects/uni/Computers_Arquitecture/rv32i-cpu/rv32i-cpu/top.v Line: 152
Info (12128): Elaborating entity "data_memory" for hierarchy "data_memory:u_dmem" File: /home/santiago/projects/uni/Computers_Arquitecture/rv32i-cpu/rv32i-cpu/top.v Line: 161
Info: Quartus Prime Analysis & Elaboration was successful. 0 errors, 5 warnings
    Info: Peak virtual memory: 716 megabytes
    Info: Processing ended: Thu Apr  2 13:18:33 2026
    Info: Elapsed time: 00:00:03
    Info: Total CPU time (on all processors): 00:00:12


